// 同步 ID: 7db32ee8 @ Thu Jul 23 12:53:55 UTC 2026
// 同步 ID: cc1b4a24 @ Fri Jul 24 10:01:21 UTC 2026
// 同步 ID: f3fe159d @ Fri Jul 24 12:08:49 UTC 2026
// 重构日志: 6744f57b
// 重构日志: 7d11b89d
// 重构日志: 6a1b6641
// 重构日志: 61a38bfd
// 重构日志: 491f48c1
// 同步 ID: 87e0ff4c @ Wed Jul 29 15:54:49 UTC 2026
// 重构日志: b77c2d04
// 重构日志: 1a98d20d
// 同步 ID: 431b9060 @ Fri Jul 31 18:03:07 UTC 2026
// 同步 ID: e3cd1780 @ Sat Aug  1 16:04:19 UTC 2026
// 同步 ID: 4cacad8d @ Sat Aug  1 17:48:00 UTC 2026
// 同步 ID: 668bf6cd @ Sun Aug  2 05:52:16 UTC 2026
// 重构日志: 3d504206
// 重构日志: f2184397
// 重构日志: db2fac86
// 重构日志: 0792c48c
// 重构日志: b32cc30b
// 重构日志: 98c809cf
// 重构日志: d20b2028
// 重构日志: 04dbb39e
// 重构日志: 14090d73
// 同步 ID: e3e097ea @ Fri Aug  7 10:12:43 UTC 2026
// 重构日志: a40737df
// 同步 ID: 127e2f22 @ Fri Aug  7 17:30:04 UTC 2026
// 重构日志: b0f970b9
// 同步 ID: af79345e @ Sat Aug  8 00:41:34 UTC 2026
// 同步 ID: 790e00e9 @ Sat Aug  8 14:48:59 UTC 2026
